/**
 * @file Cosa/Board/Arduino/Pro_Micro.map
 * @version 1.0
 *
 * @section License
 * Copyright (C) 2012-2015, Mikael Patel
 *
 * This library is free software; you can redistribute it and/or
 * modify it under the terms of the GNU Lesser General Public
 * License as published by the Free Software Foundation; either
 * version 2.1 of the License, or (at your option) any later version.
 *
 * This library is distributed in the hope that it will be useful,
 * but WITHOUT ANY WARRANTY; without even the implied warranty of
 * MERCHANTABILITY or FITNESS FOR A PARTICULAR PURPOSE.  See the GNU
 * Lesser General Public License for more details.
 *
 * This file is part of the Arduino Che Cosa project.
 */

const Board::DigitalPin digital_pin_map[] __PROGMEM = {
  Board::D0,
  Board::D1,
  Board::D2,
  Board::D3,
  Board::D4,
  Board::D5,
  Board::D6,
  Board::D7,
  Board::D8,
  Board::D9,
  Board::D10,
  Board::D11,
  Board::D12,
  Board::D13,
  Board::D14,
  Board::D15,
  Board::D16,
  Board::D17,
  Board::D18,
  Board::D19,
  Board::D20,
  Board::D21,
  Board::D22,
  Board::D23
};

const Board::AnalogPin analog_pin_map[] __PROGMEM = {
  Board::A0,
  Board::A1,
  Board::A2,
  Board::A3,
  Board::A4,
  Board::A5,
  Board::A6,
  Board::A7,
  Board::A8,
  Board::A9,
  Board::A10,
  Board::A11
};

const Board::PWMPin pwm_pin_map[] __PROGMEM = {
  Board::PWM0,
  Board::PWM1,
  Board::PWM2,
  Board::PWM3,
  Board::PWM4,
  Board::PWM5,
  Board::PWM6
};